// Jest Snapshot v1, https://goo.gl/fbAQLP

exports[`renders homepage unchanged 1`] = `
<div>
  <main
    class="flex flex-col justify-between"
  >
    <header>
      <div
        class="w-full bg-center bg-cover"
      >
        <div
          class="flex justify-center w-full h-full bg-gray-900 bg-opacity-50 py-12"
        >
          <div
            class="container px-4 mx-auto"
          >
            <div
              class="max-w-5xl mx-auto text-left"
            >
              <h1
                class="mt-8 mb-6 text-4xl lg:text-5xl font-bold text-gray-100"
              >
                Travel guides
              </h1>
              <p
                class="max-w-5xl mx-auto mb-10 text-lg text-gray-300"
              >
                Our travel guides are jam packed with top tips and insider inspiration.
              </p>
            </div>
          </div>
        </div>
      </div>
    </header>
    <section
      class="py-4 md:py-6 lg:py-8 px-4 lg:px-0 max-w-5xl mx-auto grid grid-cols-1 gap-4 md:grid-cols-2 lg:grid-cols-4 lg:gap-6"
    >
      <div
        class="rounded-lg shadow odd:bg-blue-800 odd:border-blue-700 even:bg-blue-500 even:border-blue-400"
      >
        <a
          href="travel-guides/australia/"
        >
          <div
            class="relative"
          >
            <img
              alt="Test image"
              data-nimg="1"
              decoding="async"
              fetchpriority="high"
              height="250"
              src="/_next/image?url=https%3A%2F%2Ffakeimg.pl%2F400x250&w=828&q=75"
              srcset="/_next/image?url=https%3A%2F%2Ffakeimg.pl%2F400x250&w=640&q=75 1x, /_next/image?url=https%3A%2F%2Ffakeimg.pl%2F400x250&w=828&q=75 2x"
              style="color: transparent;"
              width="400"
            />
          </div>
          <div
            class="p-5"
          >
            <h2
              class="mb-2 text-xl font-bold tracking-tight text-white"
            >
              Australia
            </h2>
            <button
              class="inline-flex items-center px-3 py-2 text-sm font-medium text-center text-white bg-red-700 rounded-lg hover:bg-red-800 focus:ring-4 focus:outline-none focus:ring-red-300 dark:bg-red-600 dark:hover:bg-red-700 dark:focus:ring-red-800"
            >
              Read more 
              <svg
                aria-hidden="true"
                class="svg-inline--fa fa-arrow-right w-4 h-4 pl-1"
                data-icon="arrow-right"
                data-prefix="fas"
                focusable="false"
                role="img"
                viewBox="0 0 448 512"
                xmlns="http://www.w3.org/2000/svg"
              >
                <path
                  d="M438.6 278.6c12.5-12.5 12.5-32.8 0-45.3l-160-160c-12.5-12.5-32.8-12.5-45.3 0s-12.5 32.8 0 45.3L338.8 224 32 224c-17.7 0-32 14.3-32 32s14.3 32 32 32l306.7 0L233.4 393.4c-12.5 12.5-12.5 32.8 0 45.3s32.8 12.5 45.3 0l160-160z"
                  fill="currentColor"
                />
              </svg>
            </button>
          </div>
        </a>
      </div>
      <div
        class="rounded-lg shadow odd:bg-blue-800 odd:border-blue-700 even:bg-blue-500 even:border-blue-400"
      >
        <a
          href="travel-guides/cape-verde/"
        >
          <div
            class="relative"
          >
            <img
              alt="Test image"
              data-nimg="1"
              decoding="async"
              fetchpriority="high"
              height="250"
              src="/_next/image?url=https%3A%2F%2Ffakeimg.pl%2F400x250&w=828&q=75"
              srcset="/_next/image?url=https%3A%2F%2Ffakeimg.pl%2F400x250&w=640&q=75 1x, /_next/image?url=https%3A%2F%2Ffakeimg.pl%2F400x250&w=828&q=75 2x"
              style="color: transparent;"
              width="400"
            />
          </div>
          <div
            class="p-5"
          >
            <h2
              class="mb-2 text-xl font-bold tracking-tight text-white"
            >
              Cape Verde
            </h2>
            <button
              class="inline-flex items-center px-3 py-2 text-sm font-medium text-center text-white bg-red-700 rounded-lg hover:bg-red-800 focus:ring-4 focus:outline-none focus:ring-red-300 dark:bg-red-600 dark:hover:bg-red-700 dark:focus:ring-red-800"
            >
              Read more 
              <svg
                aria-hidden="true"
                class="svg-inline--fa fa-arrow-right w-4 h-4 pl-1"
                data-icon="arrow-right"
                data-prefix="fas"
                focusable="false"
                role="img"
                viewBox="0 0 448 512"
                xmlns="http://www.w3.org/2000/svg"
              >
                <path
                  d="M438.6 278.6c12.5-12.5 12.5-32.8 0-45.3l-160-160c-12.5-12.5-32.8-12.5-45.3 0s-12.5 32.8 0 45.3L338.8 224 32 224c-17.7 0-32 14.3-32 32s14.3 32 32 32l306.7 0L233.4 393.4c-12.5 12.5-12.5 32.8 0 45.3s32.8 12.5 45.3 0l160-160z"
                  fill="currentColor"
                />
              </svg>
            </button>
          </div>
        </a>
      </div>
      <div
        class="rounded-lg shadow odd:bg-blue-800 odd:border-blue-700 even:bg-blue-500 even:border-blue-400"
      >
        <a
          href="travel-guides/croatia/"
        >
          <div
            class="relative"
          >
            <img
              alt="Test image"
              data-nimg="1"
              decoding="async"
              fetchpriority="high"
              height="250"
              src="/_next/image?url=https%3A%2F%2Ffakeimg.pl%2F400x250&w=828&q=75"
              srcset="/_next/image?url=https%3A%2F%2Ffakeimg.pl%2F400x250&w=640&q=75 1x, /_next/image?url=https%3A%2F%2Ffakeimg.pl%2F400x250&w=828&q=75 2x"
              style="color: transparent;"
              width="400"
            />
          </div>
          <div
            class="p-5"
          >
            <h2
              class="mb-2 text-xl font-bold tracking-tight text-white"
            >
              Croatia
            </h2>
            <button
              class="inline-flex items-center px-3 py-2 text-sm font-medium text-center text-white bg-red-700 rounded-lg hover:bg-red-800 focus:ring-4 focus:outline-none focus:ring-red-300 dark:bg-red-600 dark:hover:bg-red-700 dark:focus:ring-red-800"
            >
              Read more 
              <svg
                aria-hidden="true"
                class="svg-inline--fa fa-arrow-right w-4 h-4 pl-1"
                data-icon="arrow-right"
                data-prefix="fas"
                focusable="false"
                role="img"
                viewBox="0 0 448 512"
                xmlns="http://www.w3.org/2000/svg"
              >
                <path
                  d="M438.6 278.6c12.5-12.5 12.5-32.8 0-45.3l-160-160c-12.5-12.5-32.8-12.5-45.3 0s-12.5 32.8 0 45.3L338.8 224 32 224c-17.7 0-32 14.3-32 32s14.3 32 32 32l306.7 0L233.4 393.4c-12.5 12.5-12.5 32.8 0 45.3s32.8 12.5 45.3 0l160-160z"
                  fill="currentColor"
                />
              </svg>
            </button>
          </div>
        </a>
      </div>
      <div
        class="rounded-lg shadow odd:bg-blue-800 odd:border-blue-700 even:bg-blue-500 even:border-blue-400"
      >
        <a
          href="travel-guides/cuba/"
        >
          <div
            class="relative"
          >
            <img
              alt="Test image"
              data-nimg="1"
              decoding="async"
              fetchpriority="high"
              height="250"
              src="/_next/image?url=https%3A%2F%2Ffakeimg.pl%2F400x250&w=828&q=75"
              srcset="/_next/image?url=https%3A%2F%2Ffakeimg.pl%2F400x250&w=640&q=75 1x, /_next/image?url=https%3A%2F%2Ffakeimg.pl%2F400x250&w=828&q=75 2x"
              style="color: transparent;"
              width="400"
            />
          </div>
          <div
            class="p-5"
          >
            <h2
              class="mb-2 text-xl font-bold tracking-tight text-white"
            >
              Cuba
            </h2>
            <button
              class="inline-flex items-center px-3 py-2 text-sm font-medium text-center text-white bg-red-700 rounded-lg hover:bg-red-800 focus:ring-4 focus:outline-none focus:ring-red-300 dark:bg-red-600 dark:hover:bg-red-700 dark:focus:ring-red-800"
            >
              Read more 
              <svg
                aria-hidden="true"
                class="svg-inline--fa fa-arrow-right w-4 h-4 pl-1"
                data-icon="arrow-right"
                data-prefix="fas"
                focusable="false"
                role="img"
                viewBox="0 0 448 512"
                xmlns="http://www.w3.org/2000/svg"
              >
                <path
                  d="M438.6 278.6c12.5-12.5 12.5-32.8 0-45.3l-160-160c-12.5-12.5-32.8-12.5-45.3 0s-12.5 32.8 0 45.3L338.8 224 32 224c-17.7 0-32 14.3-32 32s14.3 32 32 32l306.7 0L233.4 393.4c-12.5 12.5-12.5 32.8 0 45.3s32.8 12.5 45.3 0l160-160z"
                  fill="currentColor"
                />
              </svg>
            </button>
          </div>
        </a>
      </div>
      <div
        class="rounded-lg shadow odd:bg-blue-800 odd:border-blue-700 even:bg-blue-500 even:border-blue-400"
      >
        <a
          href="travel-guides/egypt/"
        >
          <div
            class="relative"
          >
            <img
              alt="Test image"
              data-nimg="1"
              decoding="async"
              fetchpriority="high"
              height="250"
              src="/_next/image?url=https%3A%2F%2Ffakeimg.pl%2F400x250&w=828&q=75"
              srcset="/_next/image?url=https%3A%2F%2Ffakeimg.pl%2F400x250&w=640&q=75 1x, /_next/image?url=https%3A%2F%2Ffakeimg.pl%2F400x250&w=828&q=75 2x"
              style="color: transparent;"
              width="400"
            />
          </div>
          <div
            class="p-5"
          >
            <h2
              class="mb-2 text-xl font-bold tracking-tight text-white"
            >
              Egypt
            </h2>
            <button
              class="inline-flex items-center px-3 py-2 text-sm font-medium text-center text-white bg-red-700 rounded-lg hover:bg-red-800 focus:ring-4 focus:outline-none focus:ring-red-300 dark:bg-red-600 dark:hover:bg-red-700 dark:focus:ring-red-800"
            >
              Read more 
              <svg
                aria-hidden="true"
                class="svg-inline--fa fa-arrow-right w-4 h-4 pl-1"
                data-icon="arrow-right"
                data-prefix="fas"
                focusable="false"
                role="img"
                viewBox="0 0 448 512"
                xmlns="http://www.w3.org/2000/svg"
              >
                <path
                  d="M438.6 278.6c12.5-12.5 12.5-32.8 0-45.3l-160-160c-12.5-12.5-32.8-12.5-45.3 0s-12.5 32.8 0 45.3L338.8 224 32 224c-17.7 0-32 14.3-32 32s14.3 32 32 32l306.7 0L233.4 393.4c-12.5 12.5-12.5 32.8 0 45.3s32.8 12.5 45.3 0l160-160z"
                  fill="currentColor"
                />
              </svg>
            </button>
          </div>
        </a>
      </div>
    </section>
  </main>
</div>
`;
